
> frame@0.1.0 build
> next build

  Γû▓ Next.js 14.2.35
  - Environments: .env

   Creating an optimized production build ...
 Γ£ô Compiled successfully
   Linting and checking validity of types ...

./app/admin/products/page.js
280:29  Warning: Using `<img>` could result in slower LCP and higher bandwidth. Consider using `<Image />` from `next/image` to automatically optimize images. This may incur additional usage or cost from your provider. See: https://nextjs.org/docs/messages/no-img-element  @next/next/no-img-element
428:32  Warning: Using `<img>` could result in slower LCP and higher bandwidth. Consider using `<Image />` from `next/image` to automatically optimize images. This may incur additional usage or cost from your provider. See: https://nextjs.org/docs/messages/no-img-element  @next/next/no-img-element

./app/profile/orders/[id]/page.js
19:6  Warning: React Hook useEffect has missing dependencies: 'fetchOrder' and 'router'. Either include them or remove the dependency array.  react-hooks/exhaustive-deps
111:24  Warning: Using `<img>` could result in slower LCP and higher bandwidth. Consider using `<Image />` from `next/image` to automatically optimize images. This may incur additional usage or cost from your provider. See: https://nextjs.org/docs/messages/no-img-element  @next/next/no-img-element

./app/profile/page.js
35:6  Warning: React Hook useEffect has a missing dependency: 'router'. Either include it or remove the dependency array.  react-hooks/exhaustive-deps
362:21  Warning: Using `<img>` could result in slower LCP and higher bandwidth. Consider using `<Image />` from `next/image` to automatically optimize images. This may incur additional usage or cost from your provider. See: https://nextjs.org/docs/messages/no-img-element  @next/next/no-img-element

./app/shop/checkout/page.js
82:6  Warning: React Hook useEffect has a missing dependency: 'router'. Either include it or remove the dependency array.  react-hooks/exhaustive-deps
361:32  Warning: Using `<img>` could result in slower LCP and higher bandwidth. Consider using `<Image />` from `next/image` to automatically optimize images. This may incur additional usage or cost from your provider. See: https://nextjs.org/docs/messages/no-img-element  @next/next/no-img-element

./components/sections/Hero.jsx
68:6  Warning: React Hook useEffect has a missing dependency: 'startAutoplay'. Either include it or remove the dependency array.  react-hooks/exhaustive-deps

./components/shop/ProductDetailClient.jsx
187:6  Warning: React Hook useEffect has missing dependencies: 'nextImage' and 'prevImage'. Either include them or remove the dependency array.  react-hooks/exhaustive-deps

./components/ui/CartDrawer.jsx
87:27  Warning: Using `<img>` could result in slower LCP and higher bandwidth. Consider using `<Image />` from `next/image` to automatically optimize images. This may incur additional usage or cost from your provider. See: https://nextjs.org/docs/messages/no-img-element  @next/next/no-img-element

info  - Need to disable some ESLint rules? Learn more here: https://nextjs.org/docs/basic-features/eslint#disabling-rules
   Collecting page data ...
   Generating static pages (0/36) ...
   Generating static pages (9/36) 
   Generating static pages (18/36) 
node.exe :  ΓÜá metadataBase property in metadata export is not set for resolving social open graph or twitter images, 
using "http://localhost:3000". See https://nextjs.org/docs/app/api-reference/functions/generate-metadata#metadatabase
At line:1 char:1
+ & "C:\Program Files\nodejs/node.exe" "C:\Program Files\nodejs/node_mo ...
+ ~~~~~~~~~~~~~~~~~~~~~~~~~~~~~~~~~~~~~~~~~~~~~~~~~~~~~~~~~~~~~~~~~~~~~
    + CategoryInfo          : NotSpecified: ( ΓÜá metadataBa...ta#metadatabase:String) [], RemoteException
    + FullyQualifiedErrorId : NativeCommandError
 
 ΓÜá metadataBase property in metadata export is not set for resolving social open graph or twitter images, using 
"http://localhost:3000". See https://nextjs.org/docs/app/api-reference/functions/generate-metadata#metadatabase
The width(-1) and height(-1) of chart should be greater than 0,
       please check the style of container, or the props width(100%) and height(100%),
       or add a minWidth(0) or minHeight(undefined) or use aspect(undefined) to control the
       height and width.
The width(-1) and height(-1) of chart should be greater than 0,
       please check the style of container, or the props width(100%) and height(100%),
       or add a minWidth(0) or minHeight(undefined) or use aspect(undefined) to control the
       height and width.
   Generating static pages (27/36) 
 Γ£ô Generating static pages (36/36)
   Finalizing page optimization ...
   Collecting build traces ...

Route (app)                              Size     First Load JS
Γöî Γùï /                                    38 kB           197 kB
Γö£ Γùï /_not-found                          880 B          88.5 kB
Γö£ Γùï /about                               3.21 kB         147 kB
Γö£ Γùï /admin                               124 kB          272 kB
Γö£ Γùï /admin/orders                        5.61 kB         154 kB
Γö£ Γùï /admin/products                      10.1 kB         158 kB
Γö£ Γùï /admin/support                       6.15 kB         154 kB
Γö£ Γùï /admin/users                         5.42 kB         153 kB
Γö£ ╞Æ /api/admin/dashboard                 0 B                0 B
Γö£ ╞Æ /api/admin/orders                    0 B                0 B
Γö£ ╞Æ /api/admin/orders/[id]               0 B                0 B
Γö£ ╞Æ /api/admin/products                  0 B                0 B
Γö£ ╞Æ /api/admin/products/[id]             0 B                0 B
Γö£ ╞Æ /api/admin/seed                      0 B                0 B
Γö£ ╞Æ /api/admin/support                   0 B                0 B
Γö£ ╞Æ /api/admin/support/[id]              0 B                0 B
Γö£ ╞Æ /api/admin/upload                    0 B                0 B
Γö£ ╞Æ /api/admin/users                     0 B                0 B
Γö£ ╞Æ /api/admin/users/[id]                0 B                0 B
Γö£ ╞Æ /api/auth/[...nextauth]              0 B                0 B
Γö£ ╞Æ /api/auth/forgot                     0 B                0 B
Γö£ ╞Æ /api/auth/reset                      0 B                0 B
Γö£ ╞Æ /api/register                        0 B                0 B
Γö£ ╞Æ /api/user/address                    0 B                0 B
Γö£ ╞Æ /api/user/cart                       0 B                0 B
Γö£ ╞Æ /api/user/orders                     0 B                0 B
Γö£ ╞Æ /api/user/orders/[id]                0 B                0 B
Γö£ ╞Æ /brand/[slug]                        5.6 kB          150 kB
Γö£ Γùï /brands                              2.07 kB         146 kB
Γö£ Γùï /categories                          1.17 kB         140 kB
Γö£ Γùï /contact                             1.59 kB         132 kB
Γö£ Γùï /forgot-password                     1.33 kB         144 kB
Γö£ Γùï /login                               1.37 kB         153 kB
Γö£ Γùï /magazine                            7 kB            151 kB
Γö£ Γùï /profile                             7.17 kB         150 kB
Γö£ ╞Æ /profile/orders/[id]                 4.46 kB         101 kB
Γö£ Γùï /register                            1.5 kB          144 kB
Γö£ Γùï /reset-password                      1.48 kB         144 kB
Γö£ Γùï /shop                                5.73 kB         165 kB
Γö£ ╞Æ /shop/[...id]                        5.7 kB          165 kB
Γö£ Γùï /shop/checkout                       4.49 kB         150 kB
Γö£ ╞Æ /support/[slug]                      11.7 kB         170 kB
Γö£ Γùï /try-on                              5.1 kB          144 kB
Γö£ Γùï /try-on/face-shape                   2.82 kB         142 kB
Γöö Γùï /wishlist                            3.83 kB         163 kB
+ First Load JS shared by all            87.6 kB
  Γö£ chunks/2117-20fec979d5131312.js      31.9 kB
  Γö£ chunks/fd9d1056-d080418b1f0ac0dd.js  53.6 kB
  Γöö other shared chunks (total)          2.05 kB


╞Æ Middleware                             49.4 kB

Γùï  (Static)   prerendered as static content
╞Æ  (Dynamic)  server-rendered on demand

